=== VERIFICACIÓN DE ENLACES ROTOS - 2026-01-04 04:14:16 UTC ===

🌐 Dominio verificado: https://chakielroms.com
📅 Fecha de verificación: 2026-01-04 04:14:16 UTC

📄 Archivos HTML encontrados: 13
./3ds/index.html
./android/index.html
./index.html
./gamecube/index.html
./psvita/index.html
./ps3/index.html
./ps2/index.html
./wii/index.html
./dmca/index.html
./ps4/index.html
./pc/index.html
./wiiu/index.html
./wiiu/dmca/index.html

🔍 Analizando: ./3ds/index.html
  📎 Enlaces href encontrados:
    - http://chakielroms.com/3ds/
    - assets/icons/icon.png
    - /site.webmanifest
    - assets/icons/favicon.ico
    - https://chakielroms.com/android/assets/css/dark.css
    - https://fonts.googleapis.com/css2?family=Press+Start+2P&display=swap
    - https://www.youtube.com/@ChakielZero
    - https://www.tiktok.com/@chakielzero
    - https://www.instagram.com/gerardo.bricenoo/
    - https://www.chakielemuladores.com/
    - https://chakielroms.com
    - https://youtube.com/shorts/2m-sf_1oz9o?si=_7jnDIUxUeWeH5ev
    - https://chakielroms.com/dmca
  🖼️ Enlaces src encontrados:
    - images.jpeg
    - chakiel.png
    - assets/icons/youtube.png
    - assets/icons/tiktok.png
    - assets/icons/instagram.png
    - assets/icons/chakiel.png
    - https://chakielroms.com/android/assets/js/game.js
    - assets/js/listas.js

🔍 Analizando: ./android/index.html
  📎 Enlaces href encontrados:
    - http://chakielroms.com/android/
    - assets/icons/icon.png
    - /site.webmanifest
    - assets/icons/favicon.ico
    - https://chakielroms.com/android/assets/css/dark.css
    - https://fonts.googleapis.com/css2?family=Press+Start+2P&display=swap
    - https://www.youtube.com/@ChakielZero
    - https://www.tiktok.com/@chakielzero
    - https://www.instagram.com/gerardo.bricenoo/
    - https://www.chakielemuladores.com/
    - https://chakielroms.com
    - https://youtube.com/shorts/2m-sf_1oz9o?si=_7jnDIUxUeWeH5ev
    - https://chakielroms.com/dmca
  🖼️ Enlaces src encontrados:
    - images.jpeg
    - chakiel.png
    - assets/icons/youtube.png
    - assets/icons/tiktok.png
    - assets/icons/instagram.png
    - assets/icons/chakiel.png
    - assets/js/game.js
    - assets/js/listas.js

🔍 Analizando: ./index.html
  📎 Enlaces href encontrados:
    - https://www.chakielroms.com
    - assets/icons/icon.png
    - /site.webmanifest
    - assets/icons/favicon.ico
    - https://fonts.googleapis.com/css2?family=Press+Start+2P&display=swap
    - android/
    - https://www.chakielemuladores.com/2024/08/winlator-glibc-emulador-pc-en-android.html
    - pc/
    - https://www.chakielemuladores.com/2024/04/el-mejor-emulador-de-gamecube-y-wii.html
    - gamecube/
    - https://www.chakielemuladores.com/2024/04/el-mejor-emulador-de-gamecube-y-wii.html
    - wii/
    - https://www.chakielemuladores.com/2024/08/5-mejores-emuladores-de-3ds-en-android.html
    - 3ds/
    - https://www.chakielemuladores.com/2024/07/cemu-en-android-emulador-de-wii-u.html
    - wiiu/
    - https://www.chakielemuladores.com/2024/08/5-mejores-emuladores-de-ps1-en-android.html
    - https://nephobox.com/s/1g4AI4GgSAjvVewKkW7BJiw
    - https://www.chakielemuladores.com/2024/04/emulador-nethersx2-18-android.html
    - ps2/
    - https://www.chakielemuladores.com/2025/02/nuevo-emulador-aps3e-ps3-android-apk.html
    - ps3/
    - https://www.chakielemuladores.com/2024/08/shadps4-emulador-ps4-en-pc.html
    - ps4/
    - https://www.chakielemuladores.com/2024/04/descargar-archivo-body-font-family_60.html
    - https://nephobox.com/s/1AUyYUg5ozQsB-TRY0XFCAA
    - https://www.chakielemuladores.com/2024/04/limonade-vs-citra-oficial-en-android.html
    - psvita/
    - https://www.chakielemuladores.com/2024/04/mejor-emulador-de-nes-para-android.html
    - https://nephobox.com/s/1isURnzG9vNQ1PVswZ3PgBQ
    - https://www.chakielemuladores.com/2024/04/snes9x-emulador-de-snes-android.html
    - https://nephobox.com/s/1SyQFJnYmXBlDlyKXwAGEBQ
    - https://www.chakielemuladores.com/2024/04/el-mejor-emulador-de-virtual-boy-para.html
    - https://nephobox.com/s/1T29F0wz4G5naDK3dS6AMmg
    - https://www.chakielemuladores.com/2024/04/m64plus-fz-pro-mejor-emulador-de.html
    - https://nephobox.com/s/12nuDy8Jz7gC6wMf4_bm77Q
    - https://www.chakielemuladores.com/2024/10/lemuroid-mejor-multiemulador-android-apk.html
    - https://nephobox.com/s/1vbVhN5cwuVrjZuQ8mo4dmA
    - https://www.chakielemuladores.com/2024/04/pizza-boy-gba.html
    - https://nephobox.com/s/18VB1HawTJSZiE40r7ruvDQ
    - https://www.chakielemuladores.com/2024/08/5-mejores-emuladores-de-ds-android.html
    - https://nephobox.com/s/1lw2ssxgQEK3IyF2YXes19Q
    - https://www.chakielemuladores.com/2024/07/coleccion-consolas-sega-android.html
    - https://nephobox.com/s/13AhsyYidn5NAlUi0cbbMeA
    - https://www.chakielemuladores.com/2024/07/coleccion-consolas-sega-android.html
    - https://nephobox.com/s/1rDHYd5NpwVwE1nd98EQHow
    - https://www.chakielemuladores.com/2024/07/coleccion-consolas-sega-android.html
    - https://nephobox.com/s/1fi55fb2OinimybVOven-hA
    - https://www.chakielemuladores.com/2024/07/coleccion-consolas-sega-android.html
    - https://nephobox.com/s/1yZiB0kySt-pbWvp6PRgH6A
    - https://www.chakielemuladores.com/2024/04/yaba-sanshiro-2-sega-saturn-emulator.html
    - https://nephobox.com/s/1pE8zyap9qUjKV1oj8502Xg
    - https://www.chakielemuladores.com/2024/04/2600emu-emulador-atari-2600-para-android.html
    - https://nephobox.com/s/1LYY_Pjh3Jgica1eYYRCV0A
    - https://discord.com/invite/E6mP9DHYNH
    - https://www.tiktok.com/@chakielzero
    - https://www.youtube.com/@ChakielZero
    - https://t.me/ChakielZero
  🖼️ Enlaces src encontrados:
    - https://cdn.jsdelivr.net/gh/Chakielzero/imagenes@main/in.webp
    - https://cdn.jsdelivr.net/gh/Chakielzero/imagenes@main/desktop.webp
    - https://cdn.jsdelivr.net/gh/Chakielzero/imagenes@main/android.webp
    - https://cdn.jsdelivr.net/gh/Chakielzero/imagenes@main/pc.webp
    - https://cdn.jsdelivr.net/gh/Chakielzero/imagenes@main/gamecube.webp
    - https://cdn.jsdelivr.net/gh/Chakielzero/imagenes@main/wii.webp
    - https://cdn.jsdelivr.net/gh/Chakielzero/imagenes@main/3ds.webp
    - https://cdn.jsdelivr.net/gh/Chakielzero/imagenes@main/system1.webp
    - https://cdn.jsdelivr.net/gh/Chakielzero/imagenes@main/ps1.webp
    - https://cdn.jsdelivr.net/gh/Chakielzero/imagenes@main/ps2.webp
    - https://cdn.jsdelivr.net/gh/Chakielzero/imagenes@main/ps3.webp
    - https://cdn.jsdelivr.net/gh/Chakielzero/imagenes@main/ps4.webp
    - https://cdn.jsdelivr.net/gh/Chakielzero/imagenes@main/psp.webp
    - https://cdn.jsdelivr.net/gh/Chakielzero/imagenes@main/psvita.webp
    - https://cdn.jsdelivr.net/gh/Chakielzero/imagenes@main/nes.webp
    - https://cdn.jsdelivr.net/gh/Chakielzero/imagenes@main/snes.webp
    - https://cdn.jsdelivr.net/gh/Chakielzero/imagenes@main/virtualboy.webp
    - https://cdn.jsdelivr.net/gh/Chakielzero/imagenes@main/n64.webp
    - https://cdn.jsdelivr.net/gh/Chakielzero/imagenes@main/gbc.webp
    - https://cdn.jsdelivr.net/gh/Chakielzero/imagenes@main/gba.webp
    - https://cdn.jsdelivr.net/gh/Chakielzero/imagenes@main/nds.webp
    - https://cdn.jsdelivr.net/gh/Chakielzero/imagenes@main/sg1000.webp
    - https://cdn.jsdelivr.net/gh/Chakielzero/imagenes@main/Mastersystem.webp
    - https://cdn.jsdelivr.net/gh/Chakielzero/imagenes@main/genesis.webp
    - https://cdn.jsdelivr.net/gh/Chakielzero/imagenes@main/gamegear.webp
    - https://cdn.jsdelivr.net/gh/Chakielzero/imagenes@main/saturn.webp
    - https://cdn.jsdelivr.net/gh/Chakielzero/imagenes@main/atari-2600.webp
    - https://www.youtube.com/embed/jeZ5PA8Q354?si=h3dv1IBfsi2dAwr_
    - https://img.youtube.com/vi/6kMG-12_eJI/hqdefault.jpg
    - https://img.youtube.com/vi/_G6ymAKkaMU/hqdefault.jpg
    - https://img.youtube.com/vi/hlGHMalTHYE/hqdefault.jpg
    - https://img.youtube.com/vi/a8pCkHRaWmM/hqdefault.jpg
    - https://img.youtube.com/vi/2a72AwpBhtg/hqdefault.jpg
    - https://img.youtube.com/vi/2xoVqO_CUBU/hqdefault.jpg
    - https://img.youtube.com/vi/DusRizH_xwE/hqdefault.jpg
    - https://img.youtube.com/vi/cvxW4imAXDA/hqdefault.jpg
    - https://cdn.jsdelivr.net/gh/Chakielzero/imagenes@main/discord.webp
    - https://cdn.jsdelivr.net/gh/Chakielzero/imagenes@main/tiktok.webp
    - https://cdn.jsdelivr.net/gh/Chakielzero/imagenes@main/youtube.webp
    - https://cdn.jsdelivr.net/gh/Chakielzero/imagenes@main/telegram.webp

🔍 Analizando: ./gamecube/index.html
  📎 Enlaces href encontrados:
    - http://chakielroms.com/gamecube/
    - assets/icons/icon.png
    - /site.webmanifest
    - assets/icons/favicon.ico
    - https://chakielroms.com/android/assets/css/dark.css
    - https://fonts.googleapis.com/css2?family=Press+Start+2P&display=swap
    - https://www.youtube.com/@ChakielZero
    - https://www.tiktok.com/@chakielzero
    - https://www.instagram.com/gerardo.bricenoo/
    - https://www.chakielemuladores.com/
    - https://chakielroms.com
    - https://youtube.com/shorts/2m-sf_1oz9o?si=_7jnDIUxUeWeH5ev
    - https://chakielroms.com/dmca
  🖼️ Enlaces src encontrados:
    - images.jpeg
    - chakiel.png
    - assets/icons/youtube.png
    - assets/icons/tiktok.png
    - assets/icons/instagram.png
    - assets/icons/chakiel.png
    - https://chakielroms.com/android/assets/js/game.js
    - assets/js/listas.js

🔍 Analizando: ./psvita/index.html
  📎 Enlaces href encontrados:
    - http://chakielroms.com/psvita/
    - assets/icons/icon.png
    - /site.webmanifest
    - assets/icons/favicon.ico
    - https://chakielroms.com/android/assets/css/dark.css
    - https://fonts.googleapis.com/css2?family=Press+Start+2P&display=swap
    - https://www.youtube.com/@ChakielZero
    - https://www.tiktok.com/@chakielzero
    - https://www.instagram.com/gerardo.bricenoo/
    - https://www.chakielemuladores.com/
    - https://chakielroms.com
    - https://youtube.com/shorts/2m-sf_1oz9o?si=_7jnDIUxUeWeH5ev
    - https://chakielroms.com/dmca
  🖼️ Enlaces src encontrados:
    - images.jpeg
    - chakiel.png
    - assets/icons/youtube.png
    - assets/icons/tiktok.png
    - assets/icons/instagram.png
    - assets/icons/chakiel.png
    - https://chakielroms.com/android/assets/js/game.js
    - assets/js/listas.js

🔍 Analizando: ./ps3/index.html
  📎 Enlaces href encontrados:
    - http://chakielroms.com/ps3/
    - assets/icons/icon.png
    - /site.webmanifest
    - assets/icons/favicon.ico
    - https://chakielroms.com/android/assets/css/dark.css
    - https://fonts.googleapis.com/css2?family=Press+Start+2P&display=swap
    - https://www.youtube.com/@ChakielZero
    - https://www.tiktok.com/@chakielzero
    - https://www.instagram.com/gerardo.bricenoo/
    - https://www.chakielemuladores.com/
    - https://chakielroms.com
    - https://youtube.com/shorts/2m-sf_1oz9o?si=_7jnDIUxUeWeH5ev
    - https://chakielroms.com/dmca
  🖼️ Enlaces src encontrados:
    - images.jpeg
    - chakiel.png
    - assets/icons/youtube.png
    - assets/icons/tiktok.png
    - assets/icons/instagram.png
    - assets/icons/chakiel.png
    - https://chakielroms.com/android/assets/js/game.js
    - assets/js/listas.js

🔍 Analizando: ./ps2/index.html
  📎 Enlaces href encontrados:
    - http://chakielroms.com/ps2/
    - assets/icons/icon.png
    - /site.webmanifest
    - assets/icons/favicon.ico
    - https://chakielroms.com/android/assets/css/dark.css
    - https://fonts.googleapis.com/css2?family=Press+Start+2P&display=swap
    - https://www.youtube.com/@ChakielZero
    - https://www.tiktok.com/@chakielzero
    - https://www.instagram.com/gerardo.bricenoo/
    - https://www.chakielemuladores.com/
    - https://chakielroms.com
    - https://youtube.com/shorts/2m-sf_1oz9o?si=_7jnDIUxUeWeH5ev
    - https://chakielroms.com/dmca
  🖼️ Enlaces src encontrados:
    - images.jpeg
    - chakiel.png
    - assets/icons/youtube.png
    - assets/icons/tiktok.png
    - assets/icons/instagram.png
    - assets/icons/chakiel.png
    - https://chakielroms.com/android/assets/js/game.js
    - assets/js/listas.js

🔍 Analizando: ./wii/index.html
  📎 Enlaces href encontrados:
    - http://chakielroms.com/wii/
    - assets/icons/icon.png
    - /site.webmanifest
    - assets/icons/favicon.ico
    - https://chakielroms.com/android/assets/css/dark.css
    - https://fonts.googleapis.com/css2?family=Press+Start+2P&display=swap
    - https://www.youtube.com/@ChakielZero
    - https://www.tiktok.com/@chakielzero
    - https://www.instagram.com/gerardo.bricenoo/
    - https://www.chakielemuladores.com/
    - https://chakielroms.com
    - https://youtube.com/shorts/2m-sf_1oz9o?si=_7jnDIUxUeWeH5ev
    - https://chakielroms.com/dmca
  🖼️ Enlaces src encontrados:
    - images.jpeg
    - chakiel.png
    - assets/icons/youtube.png
    - assets/icons/tiktok.png
    - assets/icons/instagram.png
    - assets/icons/chakiel.png
    - https://chakielroms.com/android/assets/js/game.js
    - assets/js/listas.js

🔍 Analizando: ./dmca/index.html
  📎 Enlaces href encontrados:
    - https://raw.githubusercontent.com/Chakielzero/Chakielroms/main/assets/icons/favicon.ico
    - https://www.chakielroms.com/
    - https://chakielroms.vercel.app/
    - https://chakielroms.vercel.app/
    - https://www.chakielroms.com/dmca
    - https://www.chakielroms.com/
    - mailto:infochakielzero@gmail.com
    - https://chakielroms.vercel.app/
    - https://chakielroms.vercel.app/
    - https://www.chakielroms.com/
    - https://www.chakielroms.com/

🔍 Analizando: ./ps4/index.html
  📎 Enlaces href encontrados:
    - http://chakielroms.com/ps4/
    - assets/icons/icon.png
    - /site.webmanifest
    - assets/icons/favicon.ico
    - https://chakielroms.com/android/assets/css/dark.css
    - https://fonts.googleapis.com/css2?family=Press+Start+2P&display=swap
    - https://www.youtube.com/@ChakielZero
    - https://www.tiktok.com/@chakielzero
    - https://www.instagram.com/gerardo.bricenoo/
    - https://www.chakielemuladores.com/
    - https://youtube.com/shorts/2m-sf_1oz9o?si=_7jnDIUxUeWeH5ev
    - https://chakielroms.com/dmca
  🖼️ Enlaces src encontrados:
    - images.jpeg
    - chakiel.png
    - assets/icons/youtube.png
    - assets/icons/tiktok.png
    - assets/icons/instagram.png
    - assets/icons/chakiel.png
    - https://chakielroms.com/android/assets/js/game.js
    - assets/js/listas.js

🔍 Analizando: ./pc/index.html
  📎 Enlaces href encontrados:
    - http://chakielroms.com/pc/
    - assets/icons/icon.png
    - /site.webmanifest
    - assets/icons/favicon.ico
    - https://chakielroms.com/android/assets/css/dark.css
    - https://fonts.googleapis.com/css2?family=Press+Start+2P&display=swap
    - https://www.youtube.com/@ChakielZero
    - https://www.tiktok.com/@chakielzero
    - https://www.instagram.com/gerardo.bricenoo/
    - https://www.chakielemuladores.com/
    - https://chakielroms.com
    - https://youtube.com/shorts/2m-sf_1oz9o?si=_7jnDIUxUeWeH5ev
    - https://chakielroms.com/dmca
  🖼️ Enlaces src encontrados:
    - images.jpeg
    - chakiel.png
    - assets/icons/youtube.png
    - assets/icons/tiktok.png
    - assets/icons/instagram.png
    - assets/icons/chakiel.png
    - https://chakielroms.com/android/assets/js/game.js
    - assets/js/listas.js

🔍 Analizando: ./wiiu/index.html
  📎 Enlaces href encontrados:
    - http://chakielroms.com/wiiu/
    - assets/icons/icon.png
    - /site.webmanifest
    - assets/icons/favicon.ico
    - https://chakielroms.com/android/assets/css/dark.css
    - https://fonts.googleapis.com/css2?family=Press+Start+2P&display=swap
    - https://www.youtube.com/@ChakielZero
    - https://www.tiktok.com/@chakielzero
    - https://www.instagram.com/gerardo.bricenoo/
    - https://www.chakielemuladores.com/
    - https://chakielroms.com
    - https://youtube.com/shorts/2m-sf_1oz9o?si=_7jnDIUxUeWeH5ev
    - https://chakielroms.com/dmca
    - LINK_AQUI
    - LINK_AQUI
    - LINK_AQUI
    - LINK_AQUI
  🖼️ Enlaces src encontrados:
    - https://chakielroms.com/ps2/images.jpeg
    - chakiel.png
    - assets/icons/youtube.png
    - assets/icons/tiktok.png
    - assets/icons/instagram.png
    - assets/icons/chakiel.png
    - assets/icons/youtube.png
    - assets/icons/discord.png
    - assets/icons/telegram.png
    - assets/icons/tiktok.png
    - https://chakielroms.com/android/assets/js/game.js
    - assets/js/listas.js

🔍 Analizando: ./wiiu/dmca/index.html
  📎 Enlaces href encontrados:
    - https://raw.githubusercontent.com/Chakielzero/Chakielroms/main/assets/icons/favicon.ico
    - https://www.chakielroms.com/
    - https://chakielroms.vercel.app/
    - https://chakielroms.vercel.app/
    - https://www.chakielroms.com/dmca
    - https://www.chakielroms.com/
    - mailto:infochakielzero@gmail.com
    - https://chakielroms.vercel.app/
    - https://chakielroms.vercel.app/
    - https://www.chakielroms.com/
    - https://www.chakielroms.com/

🔗 Verificando páginas críticas:
❌ No se pudo conectar al dominio principal

=== RESUMEN ===
📊 Estadísticas del sitio:
  - Archivos HTML: 13
  - Archivos CSS: 23
  - Archivos JS: 12
  - Archivos de imagen: 168

📈 Estado de verificación:
  - Páginas exitosas: 0
  - Advertencias: 0
  - Errores: 1

✅ Verificación completada: 2026-01-04 04:14:16 UTC
