=== VERIFICACIÓN DE DOMINIO - 2026-09-13 01:37:29 UTC ===

🌐 DOMINIO PRINCIPAL: chakielroms.com
🔗 GITHUB PAGES: chakielzero.github.io

=== DNS RECORDS ===
📋 Registros A:
104.219.250.37
2.59.170.20

📋 Registros AAAA (IPv6):
❌ No hay registros AAAA

📋 Registros MX:
❌ No hay registros MX

📋 Registros TXT:
❌ No hay registros TXT

=== VERIFICACIÓN DE CONECTIVIDAD ===
🔍 Verificando HTTP (http://chakielroms.com):
✅ Estado HTTP: 200

🔍 Verificando HTTPS (https://chakielroms.com):
⚠️ Estado HTTPS: 000ERROR

=== CERTIFICADO SSL ===
❌ No se pudo obtener información del certificado SSL

=== TIEMPO DE RESPUESTA ===
⏱️ Tiempo de respuesta: 0.090716ERRORs

=== REDIRECCIONES ===
🔄 Verificando redirección www -> no-www:
Estado www.chakielroms.com: 000ERROR

=== VERIFICACIÓN GITHUB PAGES ===
✅ Estado GitHub Pages (chakielzero.github.io): 301

=== RESUMEN ===
❌ Problemas críticos detectados en el dominio
📊 Verificación completada: 2026-09-13 01:37:29 UTC
